main.c:85:6:HAL_ADC_ConvCpltCallback	32	static
main.c:169:6:HAL_ADC_ConvHalfCpltCallback	32	static
main.c:252:5:main	16	static
main.c:323:6:SystemClock_Config	88	static
main.c:368:13:MX_ADC1_Init	24	static
main.c:418:13:MX_DAC_Init	16	static
main.c:456:13:MX_SPI2_Init	8	static
main.c:494:13:MX_TIM3_Init	32	static
main.c:539:13:MX_TIM8_Init	32	static
main.c:585:13:MX_USART2_UART_Init	8	static
main.c:616:13:MX_DMA_Init	16	static
main.c:641:13:MX_GPIO_Init	48	static
main.c:722:6:HAL_GPIO_EXTI_Callback	16	static
main.c:751:6:HAL_DAC_ConvCpltCallbackCh1	24	static
main.c:761:6:HAL_DAC_ConvHalfCpltCallbackCh1	16	static
main.c:785:6:Error_Handler	4	static
